# strict re-compile of final/01-cchord-proved.lean (Lean v4.34.0 +
# mathlib4 v4.34.0). Original run: 0 error, 68 if_neg/if_pos deprecation
# warnings. The run did not echo an EXIT line; the re-computed EXIT=0
# evidence is the audit department's independent re-run recorded in
# final-01-cchord.txt (check 3).
<repo>/tasks/20260927-mossad-cchord/final/01-cchord-proved.lean:106:12: warning: `if_neg` has been deprecated: Use `ite_eq_right` instead
<repo>/tasks/20260927-mossad-cchord/final/01-cchord-proved.lean:107:12: warning: `if_pos` has been deprecated: Use `ite_eq_left` instead
<repo>/tasks/20260927-mossad-cchord/final/01-cchord-proved.lean:108:12: warning: `if_neg` has been deprecated: Use `ite_eq_right` instead
<repo>/tasks/20260927-mossad-cchord/final/01-cchord-proved.lean:109:12: warning: `if_neg` has been deprecated: Use `ite_eq_right` instead
<repo>/tasks/20260927-mossad-cchord/final/01-cchord-proved.lean:110:12: warning: `if_pos` has been deprecated: Use `ite_eq_left` instead
<repo>/tasks/20260927-mossad-cchord/final/01-cchord-proved.lean:111:12: warning: `if_neg` has been deprecated: Use `ite_eq_right` instead
<repo>/tasks/20260927-mossad-cchord/final/01-cchord-proved.lean:112:12: warning: `if_neg` has been deprecated: Use `ite_eq_right` instead
<repo>/tasks/20260927-mossad-cchord/final/01-cchord-proved.lean:117:12: warning: `if_neg` has been deprecated: Use `ite_eq_right` instead
<repo>/tasks/20260927-mossad-cchord/final/01-cchord-proved.lean:118:12: warning: `if_neg` has been deprecated: Use `ite_eq_right` instead
<repo>/tasks/20260927-mossad-cchord/final/01-cchord-proved.lean:119:12: warning: `if_pos` has been deprecated: Use `ite_eq_left` instead
<repo>/tasks/20260927-mossad-cchord/final/01-cchord-proved.lean:120:12: warning: `if_neg` has been deprecated: Use `ite_eq_right` instead
<repo>/tasks/20260927-mossad-cchord/final/01-cchord-proved.lean:121:12: warning: `if_neg` has been deprecated: Use `ite_eq_right` instead
<repo>/tasks/20260927-mossad-cchord/final/01-cchord-proved.lean:122:12: warning: `if_pos` has been deprecated: Use `ite_eq_left` instead
<repo>/tasks/20260927-mossad-cchord/final/01-cchord-proved.lean:123:12: warning: `if_neg` has been deprecated: Use `ite_eq_right` instead
<repo>/tasks/20260927-mossad-cchord/final/01-cchord-proved.lean:128:12: warning: `if_pos` has been deprecated: Use `ite_eq_left` instead
<repo>/tasks/20260927-mossad-cchord/final/01-cchord-proved.lean:129:12: warning: `if_neg` has been deprecated: Use `ite_eq_right` instead
<repo>/tasks/20260927-mossad-cchord/final/01-cchord-proved.lean:130:12: warning: `if_neg` has been deprecated: Use `ite_eq_right` instead
<repo>/tasks/20260927-mossad-cchord/final/01-cchord-proved.lean:131:12: warning: `if_pos` has been deprecated: Use `ite_eq_left` instead
<repo>/tasks/20260927-mossad-cchord/final/01-cchord-proved.lean:132:12: warning: `if_neg` has been deprecated: Use `ite_eq_right` instead
<repo>/tasks/20260927-mossad-cchord/final/01-cchord-proved.lean:133:12: warning: `if_neg` has been deprecated: Use `ite_eq_right` instead
<repo>/tasks/20260927-mossad-cchord/final/01-cchord-proved.lean:134:12: warning: `if_pos` has been deprecated: Use `ite_eq_left` instead
<repo>/tasks/20260927-mossad-cchord/final/01-cchord-proved.lean:183:14: warning: `if_neg` has been deprecated: Use `ite_eq_right` instead
<repo>/tasks/20260927-mossad-cchord/final/01-cchord-proved.lean:184:14: warning: `if_pos` has been deprecated: Use `ite_eq_left` instead
<repo>/tasks/20260927-mossad-cchord/final/01-cchord-proved.lean:185:14: warning: `if_neg` has been deprecated: Use `ite_eq_right` instead
<repo>/tasks/20260927-mossad-cchord/final/01-cchord-proved.lean:186:14: warning: `if_neg` has been deprecated: Use `ite_eq_right` instead
<repo>/tasks/20260927-mossad-cchord/final/01-cchord-proved.lean:187:14: warning: `if_neg` has been deprecated: Use `ite_eq_right` instead
<repo>/tasks/20260927-mossad-cchord/final/01-cchord-proved.lean:188:14: warning: `if_neg` has been deprecated: Use `ite_eq_right` instead
<repo>/tasks/20260927-mossad-cchord/final/01-cchord-proved.lean:189:14: warning: `if_pos` has been deprecated: Use `ite_eq_left` instead
<repo>/tasks/20260927-mossad-cchord/final/01-cchord-proved.lean:190:14: warning: `if_neg` has been deprecated: Use `ite_eq_right` instead
<repo>/tasks/20260927-mossad-cchord/final/01-cchord-proved.lean:191:14: warning: `if_neg` has been deprecated: Use `ite_eq_right` instead
<repo>/tasks/20260927-mossad-cchord/final/01-cchord-proved.lean:197:14: warning: `if_neg` has been deprecated: Use `ite_eq_right` instead
<repo>/tasks/20260927-mossad-cchord/final/01-cchord-proved.lean:198:14: warning: `if_neg` has been deprecated: Use `ite_eq_right` instead
<repo>/tasks/20260927-mossad-cchord/final/01-cchord-proved.lean:199:14: warning: `if_pos` has been deprecated: Use `ite_eq_left` instead
<repo>/tasks/20260927-mossad-cchord/final/01-cchord-proved.lean:200:14: warning: `if_neg` has been deprecated: Use `ite_eq_right` instead
<repo>/tasks/20260927-mossad-cchord/final/01-cchord-proved.lean:201:14: warning: `if_neg` has been deprecated: Use `ite_eq_right` instead
<repo>/tasks/20260927-mossad-cchord/final/01-cchord-proved.lean:202:14: warning: `if_neg` has been deprecated: Use `ite_eq_right` instead
<repo>/tasks/20260927-mossad-cchord/final/01-cchord-proved.lean:203:14: warning: `if_neg` has been deprecated: Use `ite_eq_right` instead
<repo>/tasks/20260927-mossad-cchord/final/01-cchord-proved.lean:204:14: warning: `if_pos` has been deprecated: Use `ite_eq_left` instead
<repo>/tasks/20260927-mossad-cchord/final/01-cchord-proved.lean:205:14: warning: `if_neg` has been deprecated: Use `ite_eq_right` instead
<repo>/tasks/20260927-mossad-cchord/final/01-cchord-proved.lean:211:14: warning: `if_neg` has been deprecated: Use `ite_eq_right` instead
<repo>/tasks/20260927-mossad-cchord/final/01-cchord-proved.lean:212:14: warning: `if_neg` has been deprecated: Use `ite_eq_right` instead
<repo>/tasks/20260927-mossad-cchord/final/01-cchord-proved.lean:213:14: warning: `if_neg` has been deprecated: Use `ite_eq_right` instead
<repo>/tasks/20260927-mossad-cchord/final/01-cchord-proved.lean:214:14: warning: `if_pos` has been deprecated: Use `ite_eq_left` instead
<repo>/tasks/20260927-mossad-cchord/final/01-cchord-proved.lean:215:14: warning: `if_neg` has been deprecated: Use `ite_eq_right` instead
<repo>/tasks/20260927-mossad-cchord/final/01-cchord-proved.lean:216:14: warning: `if_neg` has been deprecated: Use `ite_eq_right` instead
<repo>/tasks/20260927-mossad-cchord/final/01-cchord-proved.lean:217:14: warning: `if_neg` has been deprecated: Use `ite_eq_right` instead
<repo>/tasks/20260927-mossad-cchord/final/01-cchord-proved.lean:218:14: warning: `if_neg` has been deprecated: Use `ite_eq_right` instead
<repo>/tasks/20260927-mossad-cchord/final/01-cchord-proved.lean:219:14: warning: `if_pos` has been deprecated: Use `ite_eq_left` instead
<repo>/tasks/20260927-mossad-cchord/final/01-cchord-proved.lean:225:14: warning: `if_neg` has been deprecated: Use `ite_eq_right` instead
<repo>/tasks/20260927-mossad-cchord/final/01-cchord-proved.lean:226:14: warning: `if_neg` has been deprecated: Use `ite_eq_right` instead
<repo>/tasks/20260927-mossad-cchord/final/01-cchord-proved.lean:227:14: warning: `if_neg` has been deprecated: Use `ite_eq_right` instead
<repo>/tasks/20260927-mossad-cchord/final/01-cchord-proved.lean:228:14: warning: `if_neg` has been deprecated: Use `ite_eq_right` instead
<repo>/tasks/20260927-mossad-cchord/final/01-cchord-proved.lean:229:14: warning: `if_pos` has been deprecated: Use `ite_eq_left` instead
<repo>/tasks/20260927-mossad-cchord/final/01-cchord-proved.lean:230:14: warning: `if_neg` has been deprecated: Use `ite_eq_right` instead
<repo>/tasks/20260927-mossad-cchord/final/01-cchord-proved.lean:231:14: warning: `if_neg` has been deprecated: Use `ite_eq_right` instead
<repo>/tasks/20260927-mossad-cchord/final/01-cchord-proved.lean:232:14: warning: `if_neg` has been deprecated: Use `ite_eq_right` instead
<repo>/tasks/20260927-mossad-cchord/final/01-cchord-proved.lean:233:14: warning: `if_neg` has been deprecated: Use `ite_eq_right` instead
<repo>/tasks/20260927-mossad-cchord/final/01-cchord-proved.lean:239:14: warning: `if_pos` has been deprecated: Use `ite_eq_left` instead
<repo>/tasks/20260927-mossad-cchord/final/01-cchord-proved.lean:240:14: warning: `if_neg` has been deprecated: Use `ite_eq_right` instead
<repo>/tasks/20260927-mossad-cchord/final/01-cchord-proved.lean:241:14: warning: `if_neg` has been deprecated: Use `ite_eq_right` instead
<repo>/tasks/20260927-mossad-cchord/final/01-cchord-proved.lean:242:14: warning: `if_neg` has been deprecated: Use `ite_eq_right` instead
<repo>/tasks/20260927-mossad-cchord/final/01-cchord-proved.lean:243:14: warning: `if_neg` has been deprecated: Use `ite_eq_right` instead
<repo>/tasks/20260927-mossad-cchord/final/01-cchord-proved.lean:244:14: warning: `if_pos` has been deprecated: Use `ite_eq_left` instead
<repo>/tasks/20260927-mossad-cchord/final/01-cchord-proved.lean:245:14: warning: `if_neg` has been deprecated: Use `ite_eq_right` instead
<repo>/tasks/20260927-mossad-cchord/final/01-cchord-proved.lean:246:14: warning: `if_neg` has been deprecated: Use `ite_eq_right` instead
<repo>/tasks/20260927-mossad-cchord/final/01-cchord-proved.lean:247:14: warning: `if_neg` has been deprecated: Use `ite_eq_right` instead
<repo>/tasks/20260927-mossad-cchord/final/01-cchord-proved.lean:258:10: warning: `if_neg` has been deprecated: Use `ite_eq_right` instead
<repo>/tasks/20260927-mossad-cchord/final/01-cchord-proved.lean:261:8: warning: `if_pos` has been deprecated: Use `ite_eq_left` instead
