note: Running TeX ...
(claim.tex
LaTeX2e <2021-11-15> patch level 1
L3 programming layer <2022-02-24> (article.cls
Document Class: article 2021/10/04 v1.4n Standard LaTeX document class
(size11.cloFontconfig error: Cannot load default config file: No such file: (null)
)) (fontenc.sty (t1lmr.fd)) (inputenc.sty

Package inputenc Warning: inputenc package ignored with utf8 based engines.

) (amsmath.sty
For additional information on amsmath, use the `?' option.
(amstext.sty (amsgen.sty)) (amsbsy.sty) (amsopn.sty)) (amssymb.sty
(amsfonts.sty)) (amsthm.sty) (array.sty) (hyperref.sty (ltxcmds.sty) (iftex.sty
) (pdftexcmds.sty (infwarerr.sty)) (keyval.sty) (kvsetkeys.sty)
(kvdefinekeys.sty) (pdfescape.sty) (hycolor.sty) (letltxmacro.sty) (auxhook.sty
) (kvoptions.sty) (pd1enc.def) (intcalc.sty) (etexcmds.sty) (puenc.def)
(url.sty) (bitset.sty (bigintcalc.sty)) (atbegshi-ltx.sty)) (hxetex.def
(stringenc.sty) (rerunfilecheck.sty (atveryend-ltx.sty) (uniquecounter.sty)))
(lstlean (listings.sty (lstmisc.sty) (listings.cfg)) (xcolor.sty (color.cfg)
(xetex.def))) (xeCJK.sty (expl3.sty (l3backend-xetex.def)) (ctexhook.sty)
(l3keys2e.sty) (xtemplate.sty) (xparse.sty) (fontspec.sty (fontspec-xetex.sty
(fontenc.sty) (fontspec.cfg))) (xeCJK-listings.sty) (xeCJK.cfg))warning: accessing absolute path `C:/WINDOWS/fonts\simsun.ttc`; build may not be reproducible in other environments

No file claim.aux.
(ts1cmr.fd) (nameref.sty (refcount.sty) (gettitlestring.sty))

Package hyperref Warning: Rerun to get /PageLabels entry.

(umsa.fd) (umsb.fd)

Package xeCJK Warning: Unknown CJK family `\CJKttdefault' is being ignored.
(xeCJK)                
(xeCJK)                Try to use `\setCJKmonofont[...]{...}' to define it.

[1]

LaTeX Warning: Reference `sec:proof' on page 2 undefined on input line 133.

[2]

LaTeX Warning: Reference `thm:t1' on page 3 undefined on input line 182.


LaTeX Warning: Reference `thm:t1' on page 3 undefined on input line 182.

[3]

LaTeX Warning: Reference `thm:t2' on page 4 undefined on input line 193.


LaTeX Warning: Reference `thm:t2' on page 4 undefined on input line 193.


LaTeX Warning: Reference `thm:t3' on page 4 undefined on input line 203.


LaTeX Warning: Reference `thm:t3' on page 4 undefined on input line 203.


LaTeX Warning: Reference `thm:t4' on page 4 undefined on input line 214.


LaTeX Warning: Reference `thm:t4' on page 4 undefined on input line 214.


LaTeX Warning: Reference `thm:t1' on page 4 undefined on input line 232.


LaTeX Warning: Reference `thm:t2' on page 4 undefined on input line 232.


LaTeX Warning: Reference `thm:t4' on page 4 undefined on input line 232.


LaTeX Warning: Reference `thm:t3' on page 4 undefined on input line 233.


LaTeX Warning: Reference `thm:t3' on page 4 undefined on input line 236.


LaTeX Warning: Reference `thm:t1' on page 4 undefined on input line 243.


LaTeX Warning: Reference `thm:t2' on page 4 undefined on input line 243.


LaTeX Warning: Reference `thm:t4' on page 4 undefined on input line 244.


LaTeX Warning: Reference `lst:t3proof' on page 4 undefined on input line 253.


LaTeX Warning: Reference `thm:t3' on page 4 undefined on input line 254.


LaTeX Warning: Reference `thm:t1' on page 4 undefined on input line 263.


LaTeX Warning: Reference `thm:t2' on page 4 undefined on input line 267.


LaTeX Warning: Reference `thm:t1' on page 4 undefined on input line 268.


LaTeX Warning: Reference `thm:t4' on page 4 undefined on input line 269.


LaTeX Warning: Reference `thm:t3' on page 4 undefined on input line 273.

[4]

LaTeX Warning: Reference `thm:t3' on page 5 undefined on input line 279.


LaTeX Warning: Reference `thm:t3' on page 5 undefined on input line 279.

[5]

LaTeX Warning: Citation `lean4' on page 6 undefined on input line 307.


LaTeX Warning: Citation `mathlib' on page 6 undefined on input line 308.


warning: claim.tex:315: Underfull \hbox (badness 1688) in paragraph at lines 310--315
Underfull \hbox (badness 1688) in paragraph at lines 310--315
[]\TU/lmr/m/n/10.95 Statement integrity: the frozen statement file is \TU/lmtt/
m/n/10.95 formalized/
[6]
warning: claim.tex:329: Underfull \hbox (badness 2142) in paragraph at lines 322--329
Underfull \hbox (badness 2142) in paragraph at lines 322--329
\TU/lmtt/m/n/10.95 axiom\TU/lmr/m/n/10.95 , \TU/lmtt/m/n/10.95 unsafe\TU/lmr/m/
n/10.95 , \TU/lmtt/m/n/10.95 implemented_by\TU/lmr/m/n/10.95 , \TU/lmtt/m/n/10.
95 extern\TU/lmr/m/n/10.95 , \TU/lmtt/m/n/10.95 macro_rules\TU/lmr/m/n/10.95 , 
\TU/lmtt/m/n/10.95 elab\TU/lmr/m/n/10.95 ,

warning: claim.tex:352: Underfull \hbox (badness 1616) in paragraph at lines 338--352
Underfull \hbox (badness 1616) in paragraph at lines 338--352
\TU/lmtt/m/n/10.95 gate-t1.txt\TU/lmr/m/n/10.95 –\TU/lmtt/m/n/10.95 gate-t4.txt
\TU/lmr/m/n/10.95 , \TU/lmtt/m/n/10.95 review-final-{strict,axioms}.out\TU/lmr/
m/n/10.95 )
[7]

LaTeX Warning: Citation `oeis-a210662' on page 8 undefined on input line 381.


LaTeX Warning: Citation `oeis-a001353' on page 8 undefined on input line 412.

[8]

LaTeX Warning: Reference `sec:novelty' on page 9 undefined on input line 436.

[9]
warning: claim.tex:474: Underfull \hbox (badness 1184) in paragraph at lines 460--474
Underfull \hbox (badness 1184) in paragraph at lines 460--474
\TU/lmr/m/n/10.95 pin), \TU/lmtt/m/n/10.95 audit/ \TU/lmr/m/n/10.95 (gate and c
ompile evidence key lines, axiom printout,

warning: claim.tex:474: Underfull \hbox (badness 1147) in paragraph at lines 460--474
Underfull \hbox (badness 1147) in paragraph at lines 460--474
\TU/lmr/m/n/10.95 and \TU/lmtt/m/n/10.95 metadata/\TU/lmr/m/n/10.95 . A sanitiz
ed public mirror of exactly this package
[10] [11] [12] (claim.aux)

LaTeX Warning: There were undefined references.


LaTeX Warning: Label(s) may have changed. Rerun to get cross-references right.


Package rerunfilecheck Warning: File `claim.out' has changed.
(rerunfilecheck)                Rerun to get outlines right
(rerunfilecheck)                or use package `bookmark'.

 )
(see the transcript file for additional information)
Output written on claim.xdv (12 pages, 246192 bytes).
Transcript written on claim.log.
note: Rerunning TeX because "claim.aux" changed ...
(claim.tex
LaTeX2e <2021-11-15> patch level 1
L3 programming layer <2022-02-24> (article.cls
Document Class: article 2021/10/04 v1.4n Standard LaTeX document class
(size11.clo)) (fontenc.sty (t1lmr.fd)) (inputenc.sty

Package inputenc Warning: inputenc package ignored with utf8 based engines.

) (amsmath.sty
For additional information on amsmath, use the `?' option.
(amstext.sty (amsgen.sty)) (amsbsy.sty) (amsopn.sty)) (amssymb.sty
(amsfonts.sty)) (amsthm.sty) (array.sty) (hyperref.sty (ltxcmds.sty) (iftex.sty
) (pdftexcmds.sty (infwarerr.sty)) (keyval.sty) (kvsetkeys.sty)
(kvdefinekeys.sty) (pdfescape.sty) (hycolor.sty) (letltxmacro.sty) (auxhook.sty
) (kvoptions.sty) (pd1enc.def) (intcalc.sty) (etexcmds.sty) (puenc.def)
(url.sty) (bitset.sty (bigintcalc.sty)) (atbegshi-ltx.sty)) (hxetex.def
(stringenc.sty) (rerunfilecheck.sty (atveryend-ltx.sty) (uniquecounter.sty)))
(lstlean (listings.sty (lstmisc.sty) (listings.cfg)) (xcolor.sty (color.cfg)
(xetex.def))) (xeCJK.sty (expl3.sty (l3backend-xetex.def)) (ctexhook.sty)
(l3keys2e.sty) (xtemplate.sty) (xparse.sty) (fontspec.sty (fontspec-xetex.sty
(fontenc.sty) (fontspec.cfg))) (xeCJK-listings.sty) (xeCJK.cfg)) (claim.aux)
(ts1cmr.fd) (nameref.sty (refcount.sty) (gettitlestring.sty)) (claim.out)
(claim.out) (umsa.fd) (umsb.fd)

Package xeCJK Warning: Unknown CJK family `\CJKttdefault' is being ignored.
(xeCJK)                
(xeCJK)                Try to use `\setCJKmonofont[...]{...}' to define it.

[1] [2] [3] [4] [5]
warning: claim.tex:315: Underfull \hbox (badness 1688) in paragraph at lines 310--315
Underfull \hbox (badness 1688) in paragraph at lines 310--315
[]\TU/lmr/m/n/10.95 Statement integrity: the frozen statement file is \TU/lmtt/
m/n/10.95 formalized/
[6]
warning: claim.tex:329: Underfull \hbox (badness 2142) in paragraph at lines 322--329
Underfull \hbox (badness 2142) in paragraph at lines 322--329
\TU/lmtt/m/n/10.95 axiom\TU/lmr/m/n/10.95 , \TU/lmtt/m/n/10.95 unsafe\TU/lmr/m/
n/10.95 , \TU/lmtt/m/n/10.95 implemented_by\TU/lmr/m/n/10.95 , \TU/lmtt/m/n/10.
95 extern\TU/lmr/m/n/10.95 , \TU/lmtt/m/n/10.95 macro_rules\TU/lmr/m/n/10.95 , 
\TU/lmtt/m/n/10.95 elab\TU/lmr/m/n/10.95 ,

warning: claim.tex:352: Underfull \hbox (badness 1616) in paragraph at lines 338--352
Underfull \hbox (badness 1616) in paragraph at lines 338--352
\TU/lmtt/m/n/10.95 gate-t1.txt\TU/lmr/m/n/10.95 –\TU/lmtt/m/n/10.95 gate-t4.txt
\TU/lmr/m/n/10.95 , \TU/lmtt/m/n/10.95 review-final-{strict,axioms}.out\TU/lmr/
m/n/10.95 )
[7] [8] [9]
warning: claim.tex:474: Underfull \hbox (badness 1184) in paragraph at lines 460--474
Underfull \hbox (badness 1184) in paragraph at lines 460--474
\TU/lmr/m/n/10.95 pin), \TU/lmtt/m/n/10.95 audit/ \TU/lmr/m/n/10.95 (gate and c
ompile evidence key lines, axiom printout,

warning: claim.tex:474: Underfull \hbox (badness 1147) in paragraph at lines 460--474
Underfull \hbox (badness 1147) in paragraph at lines 460--474
\TU/lmr/m/n/10.95 and \TU/lmtt/m/n/10.95 metadata/\TU/lmr/m/n/10.95 . A sanitiz
ed public mirror of exactly this package
[10] [11] [12] (claim.aux) )
(see the transcript file for additional information)
Output written on claim.xdv (12 pages, 249268 bytes).
Transcript written on claim.log.
warning: warnings were issued by the TeX engine; use --print and/or --keep-logs for details.
note: Running xdvipdfmx ...
[1][2][3][4][5][6][7][8][9][10][11][12]128545 bytes written
note: Writing `claim.pdf` (125.5322265625 KiB)
note: Writing `claim.log` (21.375 KiB)
note: Skipped writing 2 intermediate files (use --keep-intermediates to keep them)
