'open_tour_exists_odd' depends on axioms: [propext, Classical.choice, Quot.sound]
'open_good_list' depends on axioms: [propext, Classical.choice, Quot.sound]
'step_open_list' depends on axioms: [propext, Classical.choice, Quot.sound]
'closed_cycle_exists' depends on axioms: [propext, Classical.choice, Quot.sound]
'openBase9V_good' depends on axioms: [propext, Classical.choice, Quot.sound]
'openBase11V_good' depends on axioms: [propext, Classical.choice, Quot.sound]
'card_V' depends on axioms: [propext, Classical.choice, Quot.sound]
'no_cycle_odd' depends on axioms: [propext, Classical.choice, Quot.sound]
'no_open_tour_2' depends on axioms: [propext, Classical.choice, Quot.sound]
'no_closed_tour_2' depends on axioms: [propext, Classical.choice, Quot.sound]
'no_open_tour_3' depends on axioms: [propext, Classical.choice, Quot.sound]
'no_closed_tour_3' depends on axioms: [propext, Classical.choice, Quot.sound]
'open_tour_1' depends on axioms: [propext, Classical.choice, Quot.sound]
'no_open_tour_0' depends on axioms: [propext, Quot.sound]
'no_closed_tour_0' depends on axioms: [propext, Quot.sound]
'no_closed_tour_4' depends on axioms: [propext, Classical.choice, Quot.sound]
'no_closed_tour_6' depends on axioms: [propext, Classical.choice, Quot.sound]
'exists_hamiltonian_path_iff' depends on axioms: [propext, Classical.choice, Quot.sound]
'exists_hamiltonian_cycle_iff' depends on axioms: [propext, Classical.choice, Quot.sound]
EXIT=0
